I'm sorry, but errors were detected in your script. Please correct the
errors listed below, and try again.


File "game/tl/Filipino/FireDisaster.rpy", line 139: is not terminated with a newline. (Check strings and parenthesis.)
(Perhaps you left out a " at the end of the first line.)
        new "Mag Stop, Lie Down at Roll Over?""

Ren'Py Version: Ren'Py 7.3.5.606
Mon May 18 21:24:20 2020
